'http://example.com/blog': 'Blog page'
'http://example.com/blog/posts/post-1': 'Blog / Post 1'
'http://example.com/blog/posts/post-2': 'Blog / Post 2'
'http://example.com/blog/posts/post-3': 'Blog / Post 3'
'http://example.com/blog/posts/post-4': 'Blog / Post 4'
'http://example.com/blog/posts/post-5': 'Blog / Post 5'
'http://example.com/blog/posts/post-6': 'Blog / Post 6'
'http://example.com/blog/posts/post-7': 'Blog / Post 7'
'http://example.com/blog/posts/post-8': 'Blog / Post 8'
'http://example.com/blog/posts/post-9': 'Blog / Post 9'
'http://example.com/blog/posts/post-10': 'Blog / Post 10'
