<?xml version="1.0" encoding="UTF-8"?>
<urlset xmlns="http://www.sitemaps.org/schemas/sitemap/0.9" xmlns:xsi="http://www.w3.org/2001/XMLSchema-instance" xsi:schemaLocation="http://www.sitemaps.org/schemas/sitemap/0.9 http://www.sitemaps.org/schemas/sitemap/0.9/sitemap.xsd">
  <url>
    <loc>http://example.com/blog</loc>
    <lastmod>2017-01-02T00:00:00+00:00</lastmod>
    <changefreq>weekly</changefreq>
    <priority>0.7</priority>
  </url>
  <url>
    <loc>http://example.com/blog/posts/post-1</loc>
    <lastmod>2017-01-02T00:00:00+00:00</lastmod>
    <changefreq>monthly</changefreq>
    <priority>0.5</priority>
  </url>
  <url>
    <loc>http://example.com/blog/posts/post-2</loc>
    <lastmod>2017-01-02T00:00:00+00:00</lastmod>
    <changefreq>monthly</changefreq>
    <priority>0.5</priority>
  </url>
  <url>
    <loc>http://example.com/blog/posts/post-3</loc>
    <lastmod>2017-01-02T00:00:00+00:00</lastmod>
    <changefreq>monthly</changefreq>
    <priority>0.5</priority>
  </url>
  <url>
    <loc>http://example.com/blog/posts/post-4</loc>
    <lastmod>2017-01-02T00:00:00+00:00</lastmod>
    <changefreq>monthly</changefreq>
    <priority>0.5</priority>
  </url>
  <url>
    <loc>http://example.com/blog/posts/post-5</loc>
    <lastmod>2017-01-02T00:00:00+00:00</lastmod>
    <changefreq>monthly</changefreq>
    <priority>0.5</priority>
  </url>
  <url>
    <loc>http://example.com/blog/posts/post-6</loc>
    <lastmod>2017-01-02T00:00:00+00:00</lastmod>
    <changefreq>monthly</changefreq>
    <priority>0.5</priority>
  </url>
  <url>
    <loc>http://example.com/blog/posts/post-7</loc>
    <lastmod>2017-01-02T00:00:00+00:00</lastmod>
    <changefreq>monthly</changefreq>
    <priority>0.5</priority>
  </url>
  <url>
    <loc>http://example.com/blog/posts/post-8</loc>
    <lastmod>2017-01-02T00:00:00+00:00</lastmod>
    <changefreq>monthly</changefreq>
    <priority>0.5</priority>
  </url>
  <url>
    <loc>http://example.com/blog/posts/post-9</loc>
    <lastmod>2017-01-02T00:00:00+00:00</lastmod>
    <changefreq>monthly</changefreq>
    <priority>0.5</priority>
  </url>
  <url>
    <loc>http://example.com/blog/posts/post-10</loc>
    <lastmod>2017-01-02T00:00:00+00:00</lastmod>
    <changefreq>monthly</changefreq>
    <priority>0.5</priority>
  </url>
</urlset>
