<?xml version="1.0" encoding="UTF-8"?>
<sitemapindex xmlns:xsi="http://www.w3.org/2001/XMLSchema-instance" xmlns="http://www.sitemaps.org/schemas/sitemap/0.9" xsi:schemaLocation="http://www.sitemaps.org/schemas/sitemap/0.9 http://www.sitemaps.org/schemas/sitemap/0.9/siteindex.xsd">
  <sitemap>
    <loc>http://example.com/sitemap-pages.xml</loc>
    <lastmod>2017-01-01T00:00:00+00:00</lastmod>
  </sitemap>
  <sitemap>
    <loc>http://example.com/sitemap-blog.xml</loc>
    <lastmod>2017-01-02T00:00:00+00:00</lastmod>
  </sitemap>
</sitemapindex>
